// Vitest Snapshot v1

exports[`FeatherDrawer.vue > should show drawer when modelValue prop changes 1`] = `
<teleport-stub
  closetext="close"
  titletext="test"
  to="body"
>
  <div
    class="drawer-container feather-styles"
    closetext="close"
    titletext="test"
  >
    <transition-stub
      appear="false"
      css="true"
      name="greyOutShim"
      persisted="false"
    >
      <div
        class="greyedOut"
      />
    </transition-stub>
    <transition-stub
      appear="false"
      css="true"
      name="drawer"
      persisted="false"
    >
      <div
        class="content"
        enable="true"
        style="width: 30%;"
      >
        
        <div
          aria-label="REQUIRED"
          aria-modal="true"
          data-ref-id="feather-drawer"
          first-focus=""
          role="dialog"
          tabindex="-1"
        >
          <div
            class="slot"
          >
            
            <div>
              <h1>
                Drawer content
              </h1>
              <a
                href="something"
                id="first"
              >
                Test
              </a>
              <a
                href="something"
                id="last"
              >
                Test
              </a>
            </div>
            
          </div>
          <!--v-if-->
        </div>
        
      </div>
    </transition-stub>
  </div>
</teleport-stub>
`;
