// Jest Snapshot v1, https://goo.gl/fbAQLP

exports[`FeatherDropdown.vue should pass through cover property 1`] = `
<div
  class="feather-menu feather-dropdown-container"
>
  
  
  <button
    menu-trigger=""
  >
    TEST
  </button>
  
  
  <teleport-stub>
    <!--v-if-->
  </teleport-stub>
</div>
`;

exports[`FeatherDropdown.vue should pass through right property 1`] = `
<div
  class="feather-menu feather-dropdown-container"
>
  
  
  <button
    menu-trigger=""
  >
    TEST
  </button>
  
  
  <teleport-stub>
    <!--v-if-->
  </teleport-stub>
</div>
`;
