// Jest Snapshot v1, https://goo.gl/fbAQLP

exports[`FeatherDropdown.vue should pass through cover property 1`] = `
<div
  class="feather-menu feather-dropdown-container"
>
  
  
  <button
    menu-trigger=""
  >
    TEST
  </button>
  
  
  <teleport-stub>
    <div
      class="feather-menu-dropdown"
      id="feather-menu-dropdown"
      style="width: auto; display: none;"
    >
      <div
        tabindex="0"
      />
      
      <ul
        aria-labelledby="feather-menu-trigger"
        class="feather-dropdown"
      >
        
        <li>
          <a>
            TEST
          </a>
        </li>
        <li>
          <a>
            TEST
          </a>
        </li>
        
      </ul>
      
      <div
        tabindex="0"
      />
    </div>
  </teleport-stub>
</div>
`;

exports[`FeatherDropdown.vue should pass through right property 1`] = `
<div
  class="feather-menu feather-dropdown-container"
>
  
  
  <button
    menu-trigger=""
  >
    TEST
  </button>
  
  
  <teleport-stub>
    <div
      class="feather-menu-dropdown"
      id="feather-menu-dropdown"
      style="width: auto; display: none;"
    >
      <div
        tabindex="0"
      />
      
      <ul
        aria-labelledby="feather-menu-trigger"
        class="feather-dropdown"
      >
        
        <li>
          <a>
            TEST
          </a>
        </li>
        <li>
          <a>
            TEST
          </a>
        </li>
        
      </ul>
      
      <div
        tabindex="0"
      />
    </div>
  </teleport-stub>
</div>
`;
