// Vitest Snapshot v1

exports[`FeatherRailGroup.vue > should render the component open with a label 1`] = `
<nav
  aria-label="Test"
  class="nav-rail-group"
>
  <feather-list-stub>
    
    
  </feather-list-stub>
</nav>
`;
