// Vitest Snapshot v1

exports[`SkipContentLink > should match snapshot 1`] = `
<a
  class="skip"
  href="#test"
>
  This is a text passage
</a>
`;
