// Vitest Snapshot v1

exports[`FeatherPopover > should hide popover on escape 1`] = `
<div>
  
  
  <button
    aria-controls="feather-popover"
    aria-expanded="false"
    data-feather-popover="feather-popover-trigger"
  >
    popover BUTTON
  </button>
  
  <transition-stub
    appear="false"
    css="false"
    persisted="false"
  >
    <!--v-if-->
  </transition-stub>
  
</div>
`;

exports[`FeatherPopover > should not show a popover until click 1`] = `
<div>
  
  
  <button
    aria-controls="feather-popover"
    aria-expanded="false"
    data-feather-popover="feather-popover-trigger"
  >
    popover BUTTON
  </button>
  
  <transition-stub
    appear="false"
    css="false"
    persisted="false"
  >
    <!--v-if-->
  </transition-stub>
  
</div>
`;

exports[`FeatherPopover > should show a popover on click 1`] = `
<div>
  
  
  <button
    aria-controls="feather-popover"
    aria-expanded="false"
    data-feather-popover="feather-popover-trigger"
  >
    popover BUTTON
  </button>
  
  <transition-stub
    appear="false"
    css="false"
    persisted="false"
  >
    <!--v-if-->
  </transition-stub>
  
</div>
`;
