// Vitest Snapshot v1

exports[`FeatherTooltip > should hide tooltip on escape 1`] = `
<div>
  
  <teleport-stub
    to="body"
  >
    <transition-stub
      appear="false"
      css="false"
      persisted="false"
    >
      <!--v-if-->
    </transition-stub>
  </teleport-stub>
  
  <button
    aria-describedby="feather-tooltip"
    data-feather-tooltip="feather-tooltip-trigger"
  >
    TOOLTIP BUTTON
  </button>
  
  
</div>
`;

exports[`FeatherTooltip > should not show a tooltip until hover 1`] = `
<div>
  
  <teleport-stub
    to="body"
  >
    <transition-stub
      appear="false"
      css="false"
      persisted="false"
    >
      <!--v-if-->
    </transition-stub>
  </teleport-stub>
  
  <button
    aria-describedby="feather-tooltip"
    data-feather-tooltip="feather-tooltip-trigger"
  >
    TOOLTIP BUTTON
  </button>
  
  
</div>
`;

exports[`FeatherTooltip > should show a tooltip on focus 1`] = `
<div>
  
  <teleport-stub
    to="body"
  >
    <transition-stub
      appear="false"
      css="false"
      persisted="false"
    >
      <!--v-if-->
    </transition-stub>
  </teleport-stub>
  
  <button
    aria-describedby="feather-tooltip"
    data-feather-tooltip="feather-tooltip-trigger"
  >
    TOOLTIP BUTTON
  </button>
  
  
</div>
`;

exports[`FeatherTooltip > should show a tooltip on hover 1`] = `
<div>
  
  <teleport-stub
    to="body"
  >
    <transition-stub
      appear="false"
      css="false"
      persisted="false"
    >
      <!--v-if-->
    </transition-stub>
  </teleport-stub>
  
  <button
    aria-describedby="feather-tooltip"
    data-feather-tooltip="feather-tooltip-trigger"
  >
    TOOLTIP BUTTON
  </button>
  
  
</div>
`;
